
============================================================
  v2parca — full mode (cpus=10)
============================================================
[19:47:32] Loading raw_data (operons=True)
    raw_data loaded in 1.4s

[19:47:34] Running ParCa pipeline ...
skipping `wholecell.utils._netflow.nf_cplex` (missing optional dep `cplex`)
module `v2ecoli.library.parquet_emitter` not found during dynamic import
module `v2ecoli.library.xarray_emitter` not found during dynamic import
skipping `v2ecoli.processes.parca.wholecell.utils._netflow.nf_cplex` (missing optional dep `cplex`)
skipping `v2ecoli.processes.parca.wholecell.utils.toya` (missing optional dep `v2ecoli.processes.parca.ecoli.processes`)
skipping `spatio_flux.experiments.compare_comets` (missing optional dep `cometspy`)
  Step 1 (initialize + scatter) completed in 5.1s
    checkpoint -> /Users/arnabmutsuddy/projects/v2ecoli/out/sim_data/checkpoint_step_1.pkl
  Step 2 (input_adjustments) completed in 0.1s
    checkpoint -> /Users/arnabmutsuddy/projects/v2ecoli/out/sim_data/checkpoint_step_2.pkl
Fitting RNA synthesis probabilities for condition basal ...! Fitting converged after 71 iterations
Running non-linear optimization to compute /Users/arnabmutsuddy/projects/v2ecoli/out/sim_data/cache/parca-km-3027266255.cPickle
  Step 3 (basal_specs) completed in 12.5s
    checkpoint -> /Users/arnabmutsuddy/projects/v2ecoli/out/sim_data/checkpoint_step_3.pkl
Starting 10 Parca processes
Fitting RNA synthesis probabilities for condition CPLX0-7705__active ...! Fitting converged after 28 iterations
Fitting RNA synthesis probabilities for condition CPLX0-7705__inactive ...! Fitting converged after 19 iterations
Fitting RNA synthesis probabilities for condition MONOMER0-155__active ...! Fitting converged after 76 iterations
Fitting RNA synthesis probabilities for condition MONOMER0-155__inactive ...! Fitting converged after 28 iterations
Fitting RNA synthesis probabilities for condition CPLX0-7916__active ...! Fitting converged after 28 iterations
Fitting RNA synthesis probabilities for condition CPLX0-7916__inactive ...! Fitting converged after 11 iterations
Fitting RNA synthesis probabilities for condition MONOMER0-160__active ...! Fitting converged after 28 iterations
Fitting RNA synthesis probabilities for condition MONOMER0-160__inactive ...! Fitting converged after 25 iterations
Fitting RNA synthesis probabilities for condition PHOSPHO-BAER__active ...! Fitting converged after 8 iterations
Fitting RNA synthesis probabilities for condition PHOSPHO-BAER__inactive ...! Fitting converged after 28 iterations
Fitting RNA synthesis probabilities for condition CPLX0-7796__active ...! Fitting converged after 83 iterations
Fitting RNA synthesis probabilities for condition CPLX0-7796__inactive ...! Fitting converged after 28 iterations
Fitting RNA synthesis probabilities for condition PHOSPHO-DCUR__active ...! Fitting converged after 12 iterations
Fitting RNA synthesis probabilities for condition PHOSPHO-DCUR__inactive ...! Fitting converged after 28 iterations
Fitting RNA synthesis probabilities for condition CPLX0-7740__active ...! Fitting converged after 28 iterations
Fitting RNA synthesis probabilities for condition CPLX0-7740__inactive ...! Fitting converged after 63 iterations
Fitting RNA synthesis probabilities for condition PC00010__active ...! Fitting converged after 28 iterations
Fitting RNA synthesis probabilities for condition PC00010__inactive ...! Fitting converged after 36 iterations
Fitting RNA synthesis probabilities for condition CPLX-172__active ...! Fitting converged after 5 iterations
Fitting RNA synthesis probabilities for condition CPLX-172__inactive ...! Fitting converged after 28 iterations
Fitting RNA synthesis probabilities for condition FNR-4FE-4S-CPLX__active ...! Fitting converged after 23 iterations
Fitting RNA synthesis probabilities for condition FNR-4FE-4S-CPLX__inactive ...! Fitting converged after 61 iterations
Fitting RNA synthesis probabilities for condition PD00519__active ...! Fitting converged after 28 iterations
Fitting RNA synthesis probabilities for condition PD00519__inactive ...! Fitting converged after 33 iterations
Fitting RNA synthesis probabilities for condition CPLX0-226__active ...! Fitting converged after 82 iterations
Fitting RNA synthesis probabilities for condition CPLX0-226__inactive ...! Fitting converged after 28 iterations
Fitting RNA synthesis probabilities for condition PD00288__active ...! Fitting converged after 28 iterations
Fitting RNA synthesis probabilities for condition PD00288__inactive ...! Fitting converged after 6 iterations
Fitting RNA synthesis probabilities for condition PHOSPHO-NARL__active ...! Fitting converged after 37 iterations
Fitting RNA synthesis probabilities for condition PHOSPHO-NARL__inactive ...! Fitting converged after 28 iterations
Fitting RNA synthesis probabilities for condition CPLX0-7669__active ...! Fitting converged after 28 iterations
Fitting RNA synthesis probabilities for condition CPLX0-7669__inactive ...! Fitting converged after 73 iterations
Fitting RNA synthesis probabilities for condition PC00027__active ...! Fitting converged after 28 iterations
Fitting RNA synthesis probabilities for condition PC00027__inactive ...! Fitting converged after 77 iterations
Fitting RNA synthesis probabilities for condition CPLX-125__active ...! Fitting converged after 71 iterations
Fitting RNA synthesis probabilities for condition CPLX-125__inactive ...! Fitting converged after 28 iterations
Fitting RNA synthesis probabilities for condition MONOMER0-162__active ...! Fitting converged after 103 iterations
Fitting RNA synthesis probabilities for condition MONOMER0-162__inactive ...! Fitting converged after 28 iterations
Fitting RNA synthesis probabilities for condition CPLX0-228__active ...! Fitting converged after 93 iterations
Fitting RNA synthesis probabilities for condition CPLX0-228__inactive ...! Fitting converged after 28 iterations
Fitting RNA synthesis probabilities for condition PHOSPHO-ARCA__active ...! Fitting converged after 75 iterations
Fitting RNA synthesis probabilities for condition PHOSPHO-ARCA__inactive ...! Fitting converged after 60 iterations
Fitting RNA synthesis probabilities for condition EG12123-MONOMER__active ...! Fitting converged after 28 iterations
Fitting RNA synthesis probabilities for condition EG12123-MONOMER__inactive ...! Fitting converged after 99 iterations
Fitting RNA synthesis probabilities for condition PUTA-CPLX__active ...! Fitting converged after 28 iterations
Fitting RNA synthesis probabilities for condition PUTA-CPLX__inactive ...! Fitting converged after 92 iterations
End parallel processing
Fitting RNA synthesis probabilities for condition with_aa ...! Fitting converged after 80 iterations
Fitting RNA synthesis probabilities for condition acetate ...! Fitting converged after 82 iterations
Fitting RNA synthesis probabilities for condition succinate ...! Fitting converged after 13 iterations
Fitting RNA synthesis probabilities for condition no_oxygen ...! Fitting converged after 57 iterations
  Step 4 (tf_condition_specs) completed in 79.0s
    checkpoint -> /Users/arnabmutsuddy/projects/v2ecoli/out/sim_data/checkpoint_step_4.pkl
Starting 10 Parca processes
Fitting condition CPLX-125__active
Fitting condition EG12123-MONOMER__active
Fitting condition PC00010__active
Fitting condition PD00519__inactive
Fitting condition acetate
Fitting condition CPLX0-228__inactive
Fitting condition CPLX0-7796__inactive
Fitting condition MONOMER0-160__active
Fitting condition PD00288__active
Fitting condition PHOSPHO-DCUR__inactive
Fitting condition CPLX-125__inactive
Fitting condition CPLX0-7705__inactive
Fitting condition EG12123-MONOMER__inactive
Fitting condition PHOSPHO-ARCA__active
Fitting condition PHOSPHO-NARL__active
Fitting condition CPLX0-7669__active
Fitting condition CPLX0-7916__active
Fitting condition MONOMER0-160__inactive
Fitting condition PD00288__inactive
Fitting condition PHOSPHO-NARL__inactive
Fitting condition CPLX0-226__active
Fitting condition CPLX0-7705__active
Fitting condition CPLX0-7916__inactive
Fitting condition MONOMER0-162__active
Fitting condition PUTA-CPLX__active
Fitting condition CPLX0-226__inactive
Fitting condition CPLX0-7796__active
Fitting condition PC00010__inactive
Fitting condition PHOSPHO-BAER__active
Fitting condition succinate
Fitting condition CPLX-172__inactive
Fitting condition CPLX0-7740__inactive
Fitting condition MONOMER0-155__active
Fitting condition PHOSPHO-ARCA__inactive
Fitting condition no_oxygen
Fitting condition CPLX0-7669__inactive
Fitting condition MONOMER0-155__inactive
Fitting condition PC00027__inactive
Fitting condition PHOSPHO-DCUR__active
Fitting condition basal
Fitting condition CPLX0-228__active
Fitting condition FNR-4FE-4S-CPLX__active
Fitting condition MONOMER0-162__inactive
Fitting condition PD00519__active
Fitting condition PUTA-CPLX__inactive
Fitting condition CPLX-172__active
Fitting condition CPLX0-7740__active
Fitting condition FNR-4FE-4S-CPLX__inactive
Fitting condition PC00027__active
Fitting condition PHOSPHO-BAER__inactive
Fitting condition with_aa
End parallel processing
  Step 5 (fit_condition) completed in 70.3s
    checkpoint -> /Users/arnabmutsuddy/projects/v2ecoli/out/sim_data/checkpoint_step_5.pkl
Fitting promoter binding
Warning: active condition does not have higher binding probability than inactive condition for CPLX0-7796 (0.032 vs 0.035).
Warning: active condition does not have higher binding probability than inactive condition for EG12123-MONOMER (1.000 vs 1.000).
  Step 6 (promoter_binding) completed in 12.1s
    checkpoint -> /Users/arnabmutsuddy/projects/v2ecoli/out/sim_data/checkpoint_step_6.pkl
  Step 7 (adjust_promoters) completed in 0.0s
    checkpoint -> /Users/arnabmutsuddy/projects/v2ecoli/out/sim_data/checkpoint_step_7.pkl
Updating mass in condition CPLX-125__active
Updating mass in condition CPLX-125__inactive
Updating mass in condition CPLX-172__active
Updating mass in condition CPLX-172__inactive
Updating mass in condition CPLX0-226__active
Updating mass in condition CPLX0-226__inactive
Updating mass in condition CPLX0-228__active
Updating mass in condition CPLX0-228__inactive
Updating mass in condition CPLX0-7669__active
Updating mass in condition CPLX0-7669__inactive
Updating mass in condition CPLX0-7705__active
Updating mass in condition CPLX0-7705__inactive
Updating mass in condition CPLX0-7740__active
Updating mass in condition CPLX0-7740__inactive
Updating mass in condition CPLX0-7796__active
Updating mass in condition CPLX0-7796__inactive
Updating mass in condition CPLX0-7916__active
Updating mass in condition CPLX0-7916__inactive
Updating mass in condition EG12123-MONOMER__active
Updating mass in condition EG12123-MONOMER__inactive
Updating mass in condition FNR-4FE-4S-CPLX__active
Updating mass in condition FNR-4FE-4S-CPLX__inactive
Updating mass in condition MONOMER0-155__active
Updating mass in condition MONOMER0-155__inactive
Updating mass in condition MONOMER0-160__active
Updating mass in condition MONOMER0-160__inactive
Updating mass in condition MONOMER0-162__active
Updating mass in condition MONOMER0-162__inactive
Updating mass in condition PC00010__active
Updating mass in condition PC00010__inactive
Updating mass in condition PC00027__active
Updating mass in condition PC00027__inactive
Updating mass in condition PD00288__active
Updating mass in condition PD00288__inactive
Updating mass in condition PD00519__active
Updating mass in condition PD00519__inactive
Updating mass in condition PHOSPHO-ARCA__active
Updating mass in condition PHOSPHO-ARCA__inactive
Updating mass in condition PHOSPHO-BAER__active
Updating mass in condition PHOSPHO-BAER__inactive
Updating mass in condition PHOSPHO-DCUR__active
Updating mass in condition PHOSPHO-DCUR__inactive
Updating mass in condition PHOSPHO-NARL__active
Updating mass in condition PHOSPHO-NARL__inactive
Updating mass in condition PUTA-CPLX__active
Updating mass in condition PUTA-CPLX__inactive
Updating mass in condition acetate
Updating mass in condition basal
Updating mass in condition no_oxygen
Updating mass in condition succinate
Updating mass in condition with_aa
  Step 8 (set_conditions) completed in 0.2s
    checkpoint -> /Users/arnabmutsuddy/projects/v2ecoli/out/sim_data/checkpoint_step_8.pkl
  Step 9 (final_adjustments) completed in 7.5s
    checkpoint -> /Users/arnabmutsuddy/projects/v2ecoli/out/sim_data/checkpoint_step_9.pkl

[19:50:48] Pipeline completed in 194.3s
    runtimes: /Users/arnabmutsuddy/projects/v2ecoli/out/sim_data/runtimes.json

============================================================
Total time:  196.1s (3.3 min)
Output:      /Users/arnabmutsuddy/projects/v2ecoli/out/sim_data/parca_state.pkl (653.8 MB)
Store keys:  ['adjustments', 'cell_specs', 'condition', 'condition_active_tfs', 'condition_inactive_tfs', 'condition_to_doubling_time', 'conditions', 'constants', 'expected_dry_mass_increase_dict', 'external_state', 'getter', 'growth_rate_parameters', 'internal_state', 'mass', 'molecule_groups', 'molecule_ids', 'pPromoterBound', 'process', 'relation', 'sim_data_root', 'tf_to_active_inactive_conditions', 'tf_to_direction', 'tf_to_fold_change', 'translation_supply_rate']
============================================================

